// Jest Snapshot v1, https://goo.gl/fbAQLP

exports[`home page should return the welcoming page 1`] = `
<BrowserRouter>
  <Switch>
    <Route
      component={[Function]}
      exact={true}
      path="/"
    />
    <Route
      component={
        Object {
          "$$typeof": Symbol(react.memo),
          "WrappedComponent": [Function],
          "compare": null,
          "type": [Function],
        }
      }
      path="/counter"
    />
    <Route
      component={[Function]}
    />
  </Switch>
</BrowserRouter>
`;
