// Jest Snapshot v1, https://goo.gl/fbAQLP

exports[`home page should return the About page 1`] = `
<div>
  <NavigationBar
    about={
      Object {
        "color": "#2d6a4f",
        "fontFamily": "Roboto Slab, Serif",
      }
    }
  />
  <div
    className="About-container"
  >
    <div
      className="header"
    >
      <span>
        about.title
      </span>
    </div>
    <div
      className="Content"
    >
      <div
        className="card"
      >
        <div
          className="icon"
        >
          <i
            className="fas fa-cube"
          />
        </div>
        <div
          className="description"
        >
          about.1
        </div>
      </div>
      <div
        className="card"
      >
        <div
          className="icon"
        >
          <i
            className="fas fa-truck-moving"
          />
        </div>
        <div
          className="description"
        >
          about.2
        </div>
      </div>
      <div
        className="card"
      >
        <div
          className="icon"
        >
          <i
            className="fas fa-stopwatch"
          />
        </div>
        <div
          className="description"
        >
          about.3
        </div>
      </div>
      <div
        className="card"
      >
        <div
          className="icon"
        >
          <i
            className="fas fa-cube"
          />
        </div>
        <div
          className="description"
        >
          about.4
        </div>
      </div>
    </div>
  </div>
  <Footer />
</div>
`;

exports[`home page should return the Contact page 1`] = `
<div>
  <NavigationBar
    contact={
      Object {
        "color": "#2d6a4f",
        "fontFamily": "Roboto Slab, Serif",
      }
    }
  />
  <div
    className="Contact-container"
  >
    <div
      className="formContainer"
    >
      <div
        className="form"
      >
        <h2>
          contact.title
        </h2>
        <form>
          contact.name
          <input
            pattern="[A-Za-z, ]{3,}"
            required={true}
            type="text"
          />
          contact.email
          <input
            required={true}
            type="email"
          />
          contact.phone
          <input
            required={true}
            type="number"
          />
          contact.enquiry
          <textarea
            cols="30"
            name="enquiry"
            rows="10"
          />
          <button>
            contact.sendBtn
          </button>
        </form>
      </div>
    </div>
    <div
      className="media"
    >
      <i
        className="fab fa-facebook-f"
      />
      <i
        className="fab fa-linkedin-in"
      />
      <i
        className="fab fa-twitter"
      />
    </div>
  </div>
  <Footer />
</div>
`;

exports[`home page should return the Landing page 1`] = `
<div>
  <div>
    <NavigationBar
      home={
        Object {
          "color": "#2d6a4f",
          "fontFamily": "Roboto Slab, Serif",
        }
      }
    />
    <div
      className="Body"
    >
      <h1>
        title
      </h1>
      <span
        id="phantom-slogan"
      >
        description.slogan
      </span>
      <img
        alt="Tracking Bus Icon"
        src="test-file-stub"
      />
      <button>
        <i
          className="fas fa-map-marker-alt"
        />
        description.startBtn
      </button>
    </div>
    <Footer />
  </div>
</div>
`;

exports[`home page should return the not found page 1`] = `
<div>
  <NavigationBar />
  <div
    className="container"
  >
    <div
      className="emojii"
    >
      <img
        alt="NOT FOUND"
        src="test-file-stub"
      />
    </div>
    <div
      className="description"
    >
      <h1>
         
        notfound.title
      </h1>
      <span>
        notfound.part1
        <br />
        notfound.part2
      </span>
      <br />
      <Link
        className="link"
        to="/"
      >
        <button>
          Back to Home
        </button>
      </Link>
    </div>
  </div>
  <Footer />
</div>
`;
