// Jest Snapshot v1, https://goo.gl/fbAQLP

exports[`home page should return the About page 1`] = `ShallowWrapper {}`;

exports[`home page should return the Contact page 1`] = `ShallowWrapper {}`;

exports[`home page should return the Landing page 1`] = `ShallowWrapper {}`;

exports[`home page should return the not found page 1`] = `ShallowWrapper {}`;
