// Jest Snapshot v1, https://goo.gl/fbAQLP

exports[`home page should return the welcoming page 1`] = `
<BrowserRouter>
  <HelmetWrapper
    defer={true}
    encodeSpecialCharacters={true}
  >
    <title>
      webtitle
    </title>
  </HelmetWrapper>
  <Switch>
    <Route
      component={[Function]}
      exact={true}
      path="/"
    />
    <Route
      component={[Function]}
      exact={true}
      path="/about"
    />
    <Route
      component={[Function]}
      exact={true}
      path="/contact"
    />
    <Route
      component={[Function]}
    />
  </Switch>
</BrowserRouter>
`;
